
# Lalala

A readme file

Copyright &copy; 2014-2018 Miquel Sabaté Solà, released under the MIT License.

